// Jest Snapshot v1, https://goo.gl/fbAQLP

exports[`markdown-to-html converts markdown to an html rehype tree 1`] = `
Object {
  "children": Array [
    Object {
      "children": Array [
        Object {
          "type": "text",
          "value": "Header 1",
        },
        Object {
          "children": Array [
            Object {
              "type": "text",
              "value": "#",
            },
          ],
          "properties": Object {
            "class": "hash",
            "href": "#header-1",
          },
          "tagName": "a",
          "type": "element",
        },
      ],
      "properties": Object {
        "id": "header-1",
      },
      "tagName": "h1",
      "type": "element",
    },
    Object {
      "type": "text",
      "value": "
",
    },
    Object {
      "children": Array [
        Object {
          "type": "text",
          "value": "Header 2",
        },
        Object {
          "children": Array [
            Object {
              "type": "text",
              "value": "#",
            },
          ],
          "properties": Object {
            "class": "hash",
            "href": "#header-2",
          },
          "tagName": "a",
          "type": "element",
        },
      ],
      "properties": Object {
        "id": "header-2",
      },
      "tagName": "h2",
      "type": "element",
    },
    Object {
      "type": "text",
      "value": "
",
    },
    Object {
      "children": Array [
        Object {
          "type": "text",
          "value": "The quick brown fox jumped over the lazy
dogâ€™s back.",
        },
      ],
      "properties": Object {},
      "tagName": "p",
      "type": "element",
    },
    Object {
      "type": "text",
      "value": "
",
    },
    Object {
      "children": Array [
        Object {
          "type": "text",
          "value": "Header 3",
        },
        Object {
          "children": Array [
            Object {
              "type": "text",
              "value": "#",
            },
          ],
          "properties": Object {
            "class": "hash",
            "href": "#header-3",
          },
          "tagName": "a",
          "type": "element",
        },
      ],
      "properties": Object {
        "id": "header-3",
      },
      "tagName": "h3",
      "type": "element",
    },
    Object {
      "type": "text",
      "value": "
",
    },
    Object {
      "children": Array [
        Object {
          "type": "text",
          "value": "
",
        },
        Object {
          "children": Array [
            Object {
              "type": "text",
              "value": "This is a blockquote.",
            },
          ],
          "properties": Object {},
          "tagName": "p",
          "type": "element",
        },
        Object {
          "type": "text",
          "value": "
",
        },
        Object {
          "children": Array [
            Object {
              "type": "text",
              "value": "This is the second paragraph in the blockquote.",
            },
          ],
          "properties": Object {},
          "tagName": "p",
          "type": "element",
        },
        Object {
          "type": "text",
          "value": "
",
        },
      ],
      "properties": Object {},
      "tagName": "blockquote",
      "type": "element",
    },
  ],
  "properties": Object {
    "class": "rehype",
  },
  "tagName": "div",
  "type": "element",
}
`;
